Turbo Assembler	 Version 4.1	    09/19/21 20:19:17	    Page 1
main.asm



      1	0000			     .model small
      2	0000			     .stack 100h
      3	0000			     .data
      4	0000  48 65 6C 6C 6F 20	57+  msg db "Hello World!", '$'
      5	      6F 72 6C 64 21 24
      6
      7	000D			     .code
      8	0000			     main    proc
      9	0000  B8 0000s			 mov ax, SEG [msg]
*Warning* main.asm(8) [Constant] assumed to mean immediate constant
     10	0003  8E D8			 mov ds, ax
     11	0005  BA 0000r			 mov dx, offset	msg
     12	0008  B4 09			 mov ah, 9
     13	000A  CD 21			 int 21h
     14	000C  B8 4C00			 mov ax, 4c00h
     15	000F  CD 21			 int 21h
     16	0011			     main endp
     17				     end main
Turbo Assembler	 Version 4.1	    09/19/21 20:19:17	    Page 2
Symbol Table




Symbol Name			  Type	 Value

??DATE				  Text	 "09/19/21"
??FILENAME			  Text	 "main	  "
??TIME				  Text	 "20:19:17"
??VERSION			  Number 040A
@32BIT				  Text	 0
@CODE				  Text	 _TEXT
@CODESIZE			  Text	 0
@CPU				  Text	 0101H
@CURSEG				  Text	 _TEXT
@DATA				  Text	 DGROUP
@DATASIZE			  Text	 0
@FILENAME			  Text	 MAIN
@INTERFACE			  Text	 000H
@MODEL				  Text	 2
@STACK				  Text	 DGROUP
@WORDSIZE			  Text	 2
MAIN				  Near	 _TEXT:0000
MSG				  Byte	 DGROUP:0000

Groups & Segments		  Bit Size Align  Combine Class

DGROUP				  Group
  STACK				  16  0100 Para	  Stack	  STACK
  _DATA				  16  000D Word	  Public  DATA
_TEXT				  16  0011 Word	  Public  CODE
Turbo Assembler	 Version 4.1	    09/19/21 20:19:17	    Page 3
Error Summary



*Warning* main.asm(8) [Constant] assumed to mean immediate constant
